Right (MkDiary {totalIndexes = 9, entries = [MkEntry {index = 1, dateTime = MkDateTime {season = Spring, day = 61, year = 1, time = MkTime {hour = 8, minute = 2, second = 25}}, lastWrittenTime = Nothing, body = MkBody {stats = Just (Initiation (MkCharacterStats {strength = 14, dexterity = 12, intelligence = 12, perception = 12})), skills = Just (Initiation (MkCharacterSkills {computers = 1, electronics = 1, fabrication = 2, marksmanship = 2, mechanics = 1, survival = 2, devices = 1, healthCare = 2, athletics = 2, archery = 1, bashingWeapons = 1, cuttingWeapons = 1, rifles = 3, piercingWeapons = 1, vehicles = 3, social = 1, foodHandling = 1, tailoring = 1, appliedScience = 1})), proficiencies = Just (Initiation ["Lockpicking","Wound Care","Driving","Food Preparation","Garment Closures","Principles of Leatherworking","Pottery","Pottery Glazing"]), mutations = Just (Initiation ["Open Perk Menu","Eye color: gray","Quick","Bookworm","Fast Reflexes","Sociable","Good Hearing","Outdoorsman","Masochist","Hair: brown, ponytail","Skin tone: light","Packmule","K\252nstler","Fast Learner","Optimist","Pain Resistant","Night Vision","Pretty"]), activeMissions = Just (Initiation ["Find some cosplay suits","Faction succession"]), newMissions = Nothing, gainedMutation = Nothing, lostMutation = Nothing, kills = Nothing, npcKilled = Nothing, note = "THE WORLD HAS GONE NUTS.\n\nLAWS ARE NO MORE.\n\nI have to fend myself off from the monsters...and \nI think the humans are far scarier than those.\n\nWho do I trust??\n\n\nWish me luck.\n\n\n\n"}},MkEntry {index = 2, dateTime = MkDateTime {season = Spring, day = 61, year = 1, time = MkTime {hour = 10, minute = 18, second = 2}}, lastWrittenTime = Just (MkLastWrittenTime {day = Nothing, hour = Just 2, minute = 15}), body = MkBody {stats = Just (Update (fromList [("Strength",MkStatUpdate {from = 14, to = 25})])), skills = Just (Update (fromList [("marksmanship",MkStatUpdate {from = 2, to = 3}),("survival",MkStatUpdate {from = 2, to = 3})])), proficiencies = Nothing, mutations = Nothing, activeMissions = Nothing, newMissions = Nothing, gainedMutation = Just (Update ["no skill rust"]), lostMutation = Nothing, kills = Just (Update [MkCharacterKills {count = 16, symbol = "Z", name = "zombies"},MkCharacterKills {count = 7, symbol = "Z", name = "fat zombies"},MkCharacterKills {count = 1, symbol = "Z", name = "decayed zombie"},MkCharacterKills {count = 5, symbol = "z", name = "zombie children"},MkCharacterKills {count = 1, symbol = "d", name = "Z-9"},MkCharacterKills {count = 1, symbol = "Z", name = "tough zombie"},MkCharacterKills {count = 1, symbol = "@", name = "petrified person"},MkCharacterKills {count = 1, symbol = "@", name = "gawky guardian"}]), npcKilled = Nothing, note = "Dear diary,\n\nI just fought a swarm of zombies. Small and big. \nThey were though but I managed.\n\nI hope I can make it out.\n\nI just need to fight.\n\nI need to.\n\n- Cat\n\n\n\n"}},MkEntry {index = 3, dateTime = MkDateTime {season = Spring, day = 61, year = 1, time = MkTime {hour = 12, minute = 10, second = 30}}, lastWrittenTime = Just (MkLastWrittenTime {day = Nothing, hour = Just 1, minute = 52}), body = MkBody {stats = Nothing, skills = Nothing, proficiencies = Nothing, mutations = Nothing, activeMissions = Nothing, newMissions = Nothing, gainedMutation = Nothing, lostMutation = Just (Update ["no skill rust"]), kills = Just (Update [MkCharacterKills {count = 2, symbol = "Z", name = "zombies"}]), npcKilled = Nothing, note = "Dear diary,\n\nI found a little shack of some kind.\n\nAlong the way, I encountered a shopping cart. So \nmy back will be relief of the loot burden.\n\nI feel a bit better now. I hope this will last.\n\n- Cat\n\n\n\n"}},MkEntry {index = 4, dateTime = MkDateTime {season = Spring, day = 61, year = 1, time = MkTime {hour = 13, minute = 11, second = 20}}, lastWrittenTime = Just (MkLastWrittenTime {day = Nothing, hour = Just 1, minute = 0}), body = MkBody {stats = Nothing, skills = Nothing, proficiencies = Nothing, mutations = Nothing, activeMissions = Nothing, newMissions = Nothing, gainedMutation = Nothing, lostMutation = Nothing, kills = Nothing, npcKilled = Nothing, note = "Dear diary,\n\nI saw a group of beavers today.\n\nI wish I would've give a dam, but no, so I moved \non.\n\n- Cat\n\n\n\n"}},MkEntry {index = 5, dateTime = MkDateTime {season = Spring, day = 61, year = 1, time = MkTime {hour = 14, minute = 44, second = 37}}, lastWrittenTime = Just (MkLastWrittenTime {day = Nothing, hour = Just 1, minute = 33}), body = MkBody {stats = Nothing, skills = Just (Update (fromList [("devices",MkStatUpdate {from = 1, to = 2})])), proficiencies = Nothing, mutations = Nothing, activeMissions = Nothing, newMissions = Nothing, gainedMutation = Nothing, lostMutation = Nothing, kills = Just (Update [MkCharacterKills {count = 1, symbol = "Z", name = "zombies"},MkCharacterKills {count = 1, symbol = "Z", name = "zombie cop"},MkCharacterKills {count = 1, symbol = "z", name = "zombie children"},MkCharacterKills {count = 1, symbol = "@", name = "feral human"}]), npcKilled = Nothing, note = "Dear diary,\n\nI was looting an abandoned motel.\n\nPlace doesn't seems too shabby, other than the two\nswimming zombies.\n\nGoodness, I think that was my first\nencounter with a zombie dressed with hard-plates \nall over.\n\n- Cat\n\n\n\n"}},MkEntry {index = 6, dateTime = MkDateTime {season = Spring, day = 61, year = 1, time = MkTime {hour = 15, minute = 45, second = 42}}, lastWrittenTime = Just (MkLastWrittenTime {day = Nothing, hour = Just 1, minute = 1}), body = MkBody {stats = Nothing, skills = Nothing, proficiencies = Nothing, mutations = Nothing, activeMissions = Nothing, newMissions = Nothing, gainedMutation = Nothing, lostMutation = Nothing, kills = Nothing, npcKilled = Nothing, note = "Dear diary,\n\nI've found a large compound of some kind.\n\nWeird thing is..I didn't see any critters \nwhatsoever.\n\nI'll investigate.\n\n- Cat\n\n\n\n"}},MkEntry {index = 7, dateTime = MkDateTime {season = Spring, day = 61, year = 1, time = MkTime {hour = 22, minute = 23, second = 4}}, lastWrittenTime = Just (MkLastWrittenTime {day = Nothing, hour = Just 6, minute = 37}), body = MkBody {stats = Nothing, skills = Nothing, proficiencies = Nothing, mutations = Nothing, activeMissions = Nothing, newMissions = Nothing, gainedMutation = Nothing, lostMutation = Nothing, kills = Just (Update [MkCharacterKills {count = 2, symbol = "Z", name = "zombies"},MkCharacterKills {count = 1, symbol = "y", name = "oversized moth fly"},MkCharacterKills {count = 4, symbol = "v", name = "American crows"}]), npcKilled = Nothing, note = "Dear diary,\n\nthat freaking moth WAS HUGE.\n\n- Cat\n\n\n\n"}},MkEntry {index = 8, dateTime = MkDateTime {season = Spring, day = 62, year = 1, time = MkTime {hour = 6, minute = 50, second = 5}}, lastWrittenTime = Just (MkLastWrittenTime {day = Nothing, hour = Just 8, minute = 27}), body = MkBody {stats = Nothing, skills = Just (Update (fromList [("appliedScience",MkStatUpdate {from = 1, to = 0}),("archery",MkStatUpdate {from = 1, to = 0}),("computers",MkStatUpdate {from = 1, to = 0}),("electronics",MkStatUpdate {from = 1, to = 0}),("mechanics",MkStatUpdate {from = 1, to = 0})])), proficiencies = Nothing, mutations = Nothing, activeMissions = Nothing, newMissions = Just (Update ["Find Relic","Kill Jabberwock","Find Inhaler","Find Antibiotics"]), gainedMutation = Nothing, lostMutation = Nothing, kills = Nothing, npcKilled = Nothing, note = "Dear diary,\n\nIt was a logging facility with survivors.\n\nThey aren't really friendly though.\n\nI gotta leave, quickly.\n\n- Cat\n\n\n\n"}},MkEntry {index = 9, dateTime = MkDateTime {season = Spring, day = 62, year = 1, time = MkTime {hour = 8, minute = 32, second = 23}}, lastWrittenTime = Just (MkLastWrittenTime {day = Nothing, hour = Just 1, minute = 42}), body = MkBody {stats = Nothing, skills = Just (Update (fromList [("computers",MkStatUpdate {from = 0, to = 1})])), proficiencies = Nothing, mutations = Nothing, activeMissions = Nothing, newMissions = Just (Update ["Reach Refugee Center"]), gainedMutation = Nothing, lostMutation = Nothing, kills = Just (Update [MkCharacterKills {count = 1, symbol = "Z", name = "zombies"},MkCharacterKills {count = 1, symbol = "Z", name = "fat zombies"},MkCharacterKills {count = 2, symbol = "Z", name = "zombie technicians"},MkCharacterKills {count = 2, symbol = "@", name = "deranged axemen"},MkCharacterKills {count = 4, symbol = "Z", name = "zombie runners"},MkCharacterKills {count = 1, symbol = "@", name = "feral mechanic"},MkCharacterKills {count = 1, symbol = "Z", name = "tough zombies"},MkCharacterKills {count = 1, symbol = "v", name = "wild turkey"}]), npcKilled = Nothing, note = "Dear diary,\n\nI visited an evac shelter earlier.\n\nIt got overan by the zeds.\n\nWhat the hell happened?\n\n- Cat\n\n\n\n"}}]})