Right (MkDiary {totalIndexes = 3, entries = [MkEntry {index = 1, dateTime = MkDateTime {season = Spring, day = 61, year = 1, time = MkTime {hour = 8, minute = 2, second = 25}}, lastWrittenTime = Nothing, body = MkBody {stats = Just (Initiation (MkCharacterStats {strength = 14, dexterity = 12, intelligence = 12, perception = 12})), skills = Just (Initiation (MkCharacterSkills {computers = 1, electronics = 1, fabrication = 2, marksmanship = 2, mechanics = 1, survival = 2, devices = 1, healthCare = 2, athletics = 2, archery = 1, bashingWeapons = 1, cuttingWeapons = 1, rifles = 3, piercingWeapons = 1, vehicles = 3, social = 1, foodHandling = 1, tailoring = 1, appliedScience = 1})), proficiencies = Just (Initiation ["Lockpicking","Wound Care","Driving","Food Preparation","Garment Closures","Principles of Leatherworking","Pottery","Pottery Glazing"]), mutations = Just (Initiation ["Open Perk Menu","Eye color: gray","Quick","Bookworm","Fast Reflexes","Sociable","Good Hearing","Outdoorsman","Masochist","Hair: brown, ponytail","Skin tone: light","Packmule","K\252nstler","Fast Learner","Optimist","Pain Resistant","Night Vision","Pretty"]), activeMissions = Just (Initiation ["Find some cosplay suits","Faction succession"]), newMissions = Nothing, gainedMutation = Nothing, lostMutation = Nothing, kills = Nothing, npcKilled = Nothing, note = "THE WORLD HAS GONE NUTS.\n\nLAWS ARE NO MORE.\n\nI have to fend myself off from the monsters...and \nI think the humans are far scarier than those.\n\nWho do I trust??\n\n\nWish me luck.\n\n\n\n"}},MkEntry {index = 2, dateTime = MkDateTime {season = Spring, day = 61, year = 1, time = MkTime {hour = 10, minute = 18, second = 2}}, lastWrittenTime = Just (MkLastWrittenTime {day = Nothing, hour = Just 2, minute = 15}), body = MkBody {stats = Just (Update (fromList [("Strength",MkStatUpdate {from = 14, to = 25})])), skills = Just (Update (fromList [("marksmanship",MkStatUpdate {from = 2, to = 3}),("survival",MkStatUpdate {from = 2, to = 3})])), proficiencies = Nothing, mutations = Nothing, activeMissions = Nothing, newMissions = Nothing, gainedMutation = Just (Update ["no skill rust"]), lostMutation = Nothing, kills = Just (Update [MkCharacterKills {count = 16, symbol = "Z", name = "zombies"},MkCharacterKills {count = 7, symbol = "Z", name = "fat zombies"},MkCharacterKills {count = 1, symbol = "Z", name = "decayed zombie"},MkCharacterKills {count = 5, symbol = "z", name = "zombie children"},MkCharacterKills {count = 1, symbol = "d", name = "Z-9"},MkCharacterKills {count = 1, symbol = "Z", name = "tough zombie"},MkCharacterKills {count = 1, symbol = "@", name = "petrified person"},MkCharacterKills {count = 1, symbol = "@", name = "gawky guardian"}]), npcKilled = Nothing, note = "Dear diary,\n\nI just fought a swarm of zombies. Small and big. \nThey were though but I managed.\n\nI hope I can make it out.\n\nI just need to fight.\n\nI need to.\n\n- Cat\n\n\n\n"}},MkEntry {index = 3, dateTime = MkDateTime {season = Spring, day = 61, year = 1, time = MkTime {hour = 12, minute = 10, second = 30}}, lastWrittenTime = Just (MkLastWrittenTime {day = Nothing, hour = Just 1, minute = 52}), body = MkBody {stats = Nothing, skills = Nothing, proficiencies = Nothing, mutations = Nothing, activeMissions = Nothing, newMissions = Nothing, gainedMutation = Nothing, lostMutation = Just (Update ["no skill rust"]), kills = Just (Update [MkCharacterKills {count = 2, symbol = "Z", name = "zombies"}]), npcKilled = Nothing, note = "Dear diary,\n\nI found a little shack of some kind.\n\nAlong the way, I encountered a shopping cart. So \nmy back will be relief of the loot burden.\n\nI feel a bit better now. I hope this will last.\n\n- Cat\n\n\n\n"}}]})