Right (MkDiary {totalIndexes = 20, entries = [MkEntry {index = 1, dateTime = MkDateTime {season = Spring, day = 61, year = 1, time = MkTime {hour = 8, minute = 2, second = 25}}, lastWrittenTime = Nothing, body = MkBody {stats = Just (Initiation (MkCharacterStats {strength = 14, dexterity = 12, intelligence = 12, perception = 12})), skills = Just (Initiation (MkCharacterSkills {computers = 1, electronics = 1, fabrication = 2, marksmanship = 2, mechanics = 1, survival = 2, devices = 1, healthCare = 2, athletics = 2, archery = 1, bashingWeapons = 1, cuttingWeapons = 1, rifles = 3, piercingWeapons = 1, vehicles = 3, social = 1, foodHandling = 1, tailoring = 1, appliedScience = 1})), proficiencies = Just (Initiation ["Lockpicking","Wound Care","Driving","Food Preparation","Garment Closures","Principles of Leatherworking","Pottery","Pottery Glazing"]), mutations = Just (Initiation ["Open Perk Menu","Eye color: gray","Quick","Bookworm","Fast Reflexes","Sociable","Good Hearing","Outdoorsman","Masochist","Hair: brown, ponytail","Skin tone: light","Packmule","K\252nstler","Fast Learner","Optimist","Pain Resistant","Night Vision","Pretty"]), activeMissions = Just (Initiation ["Find some cosplay suits","Faction succession"]), newMissions = Nothing, gainedMutation = Nothing, lostMutation = Nothing, kills = Nothing, npcKilled = Nothing, note = "THE WORLD HAS GONE NUTS.\n\nLAWS ARE NO MORE.\n\nI have to fend myself off from the monsters...and \nI think the humans are far scarier than those.\n\nWho do I trust??\n\n\nWish me luck.\n\n\n\n"}},MkEntry {index = 2, dateTime = MkDateTime {season = Spring, day = 61, year = 1, time = MkTime {hour = 10, minute = 18, second = 2}}, lastWrittenTime = Just (MkLastWrittenTime {day = Nothing, hour = Just 2, minute = 15}), body = MkBody {stats = Just (Update (fromList [("Strength",MkStatUpdate {from = 14, to = 25})])), skills = Just (Update (fromList [("marksmanship",MkStatUpdate {from = 2, to = 3}),("survival",MkStatUpdate {from = 2, to = 3})])), proficiencies = Nothing, mutations = Nothing, activeMissions = Nothing, newMissions = Nothing, gainedMutation = Just (Update ["no skill rust"]), lostMutation = Nothing, kills = Just (Update [MkCharacterKills {count = 16, symbol = "Z", name = "zombies"},MkCharacterKills {count = 7, symbol = "Z", name = "fat zombies"},MkCharacterKills {count = 1, symbol = "Z", name = "decayed zombie"},MkCharacterKills {count = 5, symbol = "z", name = "zombie children"},MkCharacterKills {count = 1, symbol = "d", name = "Z-9"},MkCharacterKills {count = 1, symbol = "Z", name = "tough zombie"},MkCharacterKills {count = 1, symbol = "@", name = "petrified person"},MkCharacterKills {count = 1, symbol = "@", name = "gawky guardian"}]), npcKilled = Nothing, note = "Dear diary,\n\nI just fought a swarm of zombies. Small and big. \nThey were though but I managed.\n\nI hope I can make it out.\n\nI just need to fight.\n\nI need to.\n\n- Eden\n\n\n\n"}},MkEntry {index = 3, dateTime = MkDateTime {season = Spring, day = 61, year = 1, time = MkTime {hour = 12, minute = 10, second = 30}}, lastWrittenTime = Just (MkLastWrittenTime {day = Nothing, hour = Just 1, minute = 52}), body = MkBody {stats = Nothing, skills = Nothing, proficiencies = Nothing, mutations = Nothing, activeMissions = Nothing, newMissions = Nothing, gainedMutation = Nothing, lostMutation = Just (Update ["no skill rust"]), kills = Just (Update [MkCharacterKills {count = 2, symbol = "Z", name = "zombies"}]), npcKilled = Nothing, note = "Dear diary,\n\nI found a little shack of some kind.\n\nAlong the way, I encountered a shopping cart. So \nmy back will be relief of the loot burden.\n\nI feel a bit better now. I hope this will last.\n\n- Eden\n\n\n\n"}},MkEntry {index = 4, dateTime = MkDateTime {season = Spring, day = 61, year = 1, time = MkTime {hour = 13, minute = 11, second = 20}}, lastWrittenTime = Just (MkLastWrittenTime {day = Nothing, hour = Just 1, minute = 0}), body = MkBody {stats = Nothing, skills = Nothing, proficiencies = Nothing, mutations = Nothing, activeMissions = Nothing, newMissions = Nothing, gainedMutation = Nothing, lostMutation = Nothing, kills = Nothing, npcKilled = Nothing, note = "Dear diary,\n\nI saw a group of beavers today.\n\nI wish I would've give a dam, but no, so I moved \non.\n\n- Eden\n\n\n\n"}},MkEntry {index = 5, dateTime = MkDateTime {season = Spring, day = 61, year = 1, time = MkTime {hour = 14, minute = 44, second = 37}}, lastWrittenTime = Just (MkLastWrittenTime {day = Nothing, hour = Just 1, minute = 33}), body = MkBody {stats = Nothing, skills = Just (Update (fromList [("devices",MkStatUpdate {from = 1, to = 2})])), proficiencies = Nothing, mutations = Nothing, activeMissions = Nothing, newMissions = Nothing, gainedMutation = Nothing, lostMutation = Nothing, kills = Just (Update [MkCharacterKills {count = 1, symbol = "Z", name = "zombies"},MkCharacterKills {count = 1, symbol = "Z", name = "zombie cop"},MkCharacterKills {count = 1, symbol = "z", name = "zombie children"},MkCharacterKills {count = 1, symbol = "@", name = "feral human"}]), npcKilled = Nothing, note = "Dear diary,\n\nI was looting an abandoned motel.\n\nPlace doesn't seems too shabby, other than the two\nswimming zombies.\n\nGoodness, I think that was my first\nencounter with a zombie dressed with hard-plates \nall over.\n\n- Eden\n\n\n\n"}},MkEntry {index = 6, dateTime = MkDateTime {season = Spring, day = 61, year = 1, time = MkTime {hour = 15, minute = 45, second = 42}}, lastWrittenTime = Just (MkLastWrittenTime {day = Nothing, hour = Just 1, minute = 1}), body = MkBody {stats = Nothing, skills = Nothing, proficiencies = Nothing, mutations = Nothing, activeMissions = Nothing, newMissions = Nothing, gainedMutation = Nothing, lostMutation = Nothing, kills = Nothing, npcKilled = Nothing, note = "Dear diary,\n\nI've found a large compound of some kind.\n\nWeird thing is..I didn't see any critters \nwhatsoever.\n\nI'll investigate.\n\n- Eden\n\n\n\n"}},MkEntry {index = 7, dateTime = MkDateTime {season = Spring, day = 61, year = 1, time = MkTime {hour = 22, minute = 23, second = 4}}, lastWrittenTime = Just (MkLastWrittenTime {day = Nothing, hour = Just 6, minute = 37}), body = MkBody {stats = Nothing, skills = Nothing, proficiencies = Nothing, mutations = Nothing, activeMissions = Nothing, newMissions = Nothing, gainedMutation = Nothing, lostMutation = Nothing, kills = Just (Update [MkCharacterKills {count = 2, symbol = "Z", name = "zombies"},MkCharacterKills {count = 1, symbol = "y", name = "oversized moth fly"},MkCharacterKills {count = 4, symbol = "v", name = "American crows"}]), npcKilled = Nothing, note = "Dear diary,\n\nthat freaking moth WAS HUGE.\n\n- Eden\n\n\n\n"}},MkEntry {index = 8, dateTime = MkDateTime {season = Spring, day = 62, year = 1, time = MkTime {hour = 6, minute = 50, second = 5}}, lastWrittenTime = Just (MkLastWrittenTime {day = Nothing, hour = Just 8, minute = 27}), body = MkBody {stats = Nothing, skills = Just (Update (fromList [("appliedScience",MkStatUpdate {from = 1, to = 0}),("archery",MkStatUpdate {from = 1, to = 0}),("computers",MkStatUpdate {from = 1, to = 0}),("electronics",MkStatUpdate {from = 1, to = 0}),("mechanics",MkStatUpdate {from = 1, to = 0})])), proficiencies = Nothing, mutations = Nothing, activeMissions = Nothing, newMissions = Just (Update ["Find Relic","Kill Jabberwock","Find Inhaler","Find Antibiotics"]), gainedMutation = Nothing, lostMutation = Nothing, kills = Nothing, npcKilled = Nothing, note = "Dear diary,\n\nIt was a logging facility with survivors.\n\nThey aren't really friendly though.\n\nI gotta leave, quickly.\n\n- Eden\n\n\n\n"}},MkEntry {index = 9, dateTime = MkDateTime {season = Spring, day = 62, year = 1, time = MkTime {hour = 8, minute = 32, second = 23}}, lastWrittenTime = Just (MkLastWrittenTime {day = Nothing, hour = Just 1, minute = 42}), body = MkBody {stats = Nothing, skills = Just (Update (fromList [("computers",MkStatUpdate {from = 0, to = 1})])), proficiencies = Nothing, mutations = Nothing, activeMissions = Nothing, newMissions = Just (Update ["Reach Refugee Center"]), gainedMutation = Nothing, lostMutation = Nothing, kills = Just (Update [MkCharacterKills {count = 1, symbol = "Z", name = "zombies"},MkCharacterKills {count = 1, symbol = "Z", name = "fat zombies"},MkCharacterKills {count = 2, symbol = "Z", name = "zombie technicians"},MkCharacterKills {count = 2, symbol = "@", name = "deranged axemen"},MkCharacterKills {count = 4, symbol = "Z", name = "zombie runners"},MkCharacterKills {count = 1, symbol = "@", name = "feral mechanic"},MkCharacterKills {count = 1, symbol = "Z", name = "tough zombies"},MkCharacterKills {count = 1, symbol = "v", name = "wild turkey"}]), npcKilled = Nothing, note = "Dear diary,\n\nI visited an evac shelter earlier.\n\nIt got overan by the zeds.\n\nWhat the hell happened?\n\n- Eden\n\n\n\n"}},MkEntry {index = 10, dateTime = MkDateTime {season = Spring, day = 62, year = 1, time = MkTime {hour = 16, minute = 44, second = 38}}, lastWrittenTime = Just (MkLastWrittenTime {day = Nothing, hour = Just 8, minute = 12}), body = MkBody {stats = Nothing, skills = Just (Update (fromList [("foodHandling",MkStatUpdate {from = 1, to = 2}),("rifles",MkStatUpdate {from = 3, to = 4})])), proficiencies = Just (Update ["Gross Anatomy"]), mutations = Nothing, activeMissions = Nothing, newMissions = Nothing, gainedMutation = Just (Update ["Sharper"]), lostMutation = Nothing, kills = Just (Update [MkCharacterKills {count = 20, symbol = "Z", name = "zombies"},MkCharacterKills {count = 1, symbol = "Z", name = "crawling zombie"},MkCharacterKills {count = 8, symbol = "Z", name = "fat zombies"},MkCharacterKills {count = 4, symbol = "Z", name = "decayed zombies"},MkCharacterKills {count = 2, symbol = "Z", name = "zombie cops"},MkCharacterKills {count = 3, symbol = "d", name = "zombie dogs"},MkCharacterKills {count = 6, symbol = "z", name = "zombie children"},MkCharacterKills {count = 1, symbol = "Z", name = "hazmat zombie"},MkCharacterKills {count = 2, symbol = "Z", name = "swimmer zombies"},MkCharacterKills {count = 2, symbol = "d", name = "coyotes"},MkCharacterKills {count = 1, symbol = "Z", name = "zombie runners"},MkCharacterKills {count = 11, symbol = "Z", name = "tough zombies"},MkCharacterKills {count = 1, symbol = "Z", name = "zombie medic"},MkCharacterKills {count = 3, symbol = "Z", name = "brainless zombies"},MkCharacterKills {count = 1, symbol = "Z", name = "firefighter zombie"},MkCharacterKills {count = 2, symbol = "Z", name = "SWAT zombies"},MkCharacterKills {count = 1, symbol = "@", name = "futile fighter"},MkCharacterKills {count = 25, symbol = "Z", name = "zombie miners"}]), npcKilled = Nothing, note = "Dear diary,\n\nI took over a town with a an auto-rifle\nand a katana.\n\n\nWell, it's like a residence actually.\n\nBut it was..whew.\n\nI'm gonna go read a book now.\n\n- Eden\n\n\n\n"}},MkEntry {index = 11, dateTime = MkDateTime {season = Spring, day = 63, year = 1, time = MkTime {hour = 4, minute = 49, second = 17}}, lastWrittenTime = Just (MkLastWrittenTime {day = Nothing, hour = Just 12, minute = 4}), body = MkBody {stats = Nothing, skills = Just (Update (fromList [("melee",MkStatUpdate {from = 0, to = 1})])), proficiencies = Nothing, mutations = Nothing, activeMissions = Nothing, newMissions = Nothing, gainedMutation = Nothing, lostMutation = Nothing, kills = Just (Update [MkCharacterKills {count = 2, symbol = "Z", name = "zombies"}]), npcKilled = Nothing, note = "Dear diary,\n\nI made some good food.\n\nJust wanted to share.\n\n- Eden\n\n\n\n"}},MkEntry {index = 12, dateTime = MkDateTime {season = Spring, day = 64, year = 1, time = MkTime {hour = 12, minute = 26, second = 24}}, lastWrittenTime = Just (MkLastWrittenTime {day = Just 1, hour = Just 7, minute = 37}), body = MkBody {stats = Nothing, skills = Just (Update (fromList [("computers",MkStatUpdate {from = 1, to = 0}),("fabrication",MkStatUpdate {from = 2, to = 3}),("foodHandling",MkStatUpdate {from = 2, to = 3})])), proficiencies = Nothing, mutations = Nothing, activeMissions = Nothing, newMissions = Nothing, gainedMutation = Nothing, lostMutation = Nothing, kills = Nothing, npcKilled = Nothing, note = "Dear diary,\n\nI made a short bow from scratch!\n\n- Eden\n\n\n\n"}},MkEntry {index = 13, dateTime = MkDateTime {season = Spring, day = 65, year = 1, time = MkTime {hour = 0, minute = 48, second = 11}}, lastWrittenTime = Just (MkLastWrittenTime {day = Nothing, hour = Just 12, minute = 21}), body = MkBody {stats = Nothing, skills = Just (Update (fromList [("piercingWeapons",MkStatUpdate {from = 1, to = 0})])), proficiencies = Nothing, mutations = Nothing, activeMissions = Nothing, newMissions = Nothing, gainedMutation = Nothing, lostMutation = Nothing, kills = Just (Update [MkCharacterKills {count = 9, symbol = "O", name = "slimes"},MkCharacterKills {count = 1, symbol = "O", name = "big slime"},MkCharacterKills {count = 30, symbol = "o", name = "small slimes"}]), npcKilled = Nothing, note = "Dear diary,\n\nI'm going SW now.\n\n\n\n"}},MkEntry {index = 14, dateTime = MkDateTime {season = Spring, day = 66, year = 1, time = MkTime {hour = 11, minute = 45, second = 37}}, lastWrittenTime = Just (MkLastWrittenTime {day = Just 1, hour = Just 10, minute = 57}), body = MkBody {stats = Nothing, skills = Just (Update (fromList [("cuttingWeapons",MkStatUpdate {from = 1, to = 2}),("devices",MkStatUpdate {from = 2, to = 3})])), proficiencies = Just (Update ["Principles of Zombie Biology"]), mutations = Nothing, activeMissions = Nothing, newMissions = Nothing, gainedMutation = Nothing, lostMutation = Nothing, kills = Just (Update [MkCharacterKills {count = 92, symbol = "Z", name = "zombies"},MkCharacterKills {count = 2, symbol = "Z", name = "crawling zombies"},MkCharacterKills {count = 19, symbol = "Z", name = "fat zombies"},MkCharacterKills {count = 4, symbol = "Z", name = "decayed zombies"},MkCharacterKills {count = 3, symbol = "Z", name = "zombie cops"},MkCharacterKills {count = 2, symbol = "Z", name = "zombie soldiers"},MkCharacterKills {count = 14, symbol = "d", name = "zombie dogs"},MkCharacterKills {count = 14, symbol = "z", name = "zombie children"},MkCharacterKills {count = 1, symbol = "Z", name = "zombie technicians"},MkCharacterKills {count = 1, symbol = "Z", name = "hazmat zombies"},MkCharacterKills {count = 1, symbol = "d", name = "Z-9s"},MkCharacterKills {count = 3, symbol = "Z", name = "zombie runners"},MkCharacterKills {count = 1, symbol = "s", name = "oversized cellar spider"},MkCharacterKills {count = 16, symbol = "Z", name = "tough zombies"},MkCharacterKills {count = 1, symbol = "@", name = "feral humans"},MkCharacterKills {count = 10, symbol = "@", name = "feral humans"},MkCharacterKills {count = 3, symbol = "Z", name = "zombie medics"},MkCharacterKills {count = 5, symbol = "Z", name = "brainless zombies"},MkCharacterKills {count = 2, symbol = "Z", name = "firefighter zombies"},MkCharacterKills {count = 3, symbol = "Z", name = "SWAT zombies"},MkCharacterKills {count = 1, symbol = "@", name = "feral troglobite"},MkCharacterKills {count = 1, symbol = "v", name = "wild turkeys"},MkCharacterKills {count = 1, symbol = "d", name = "cuspated dog"},MkCharacterKills {count = 2, symbol = "@", name = "cunning ferals"}]), npcKilled = Nothing, note = "Dear diary,\n\n\nWtf was that.\n\n\n\n\n"}},MkEntry {index = 15, dateTime = MkDateTime {season = Spring, day = 66, year = 1, time = MkTime {hour = 15, minute = 40, second = 12}}, lastWrittenTime = Just (MkLastWrittenTime {day = Nothing, hour = Just 3, minute = 54}), body = MkBody {stats = Nothing, skills = Just (Update (fromList [("marksmanship",MkStatUpdate {from = 3, to = 4}),("melee",MkStatUpdate {from = 1, to = 2})])), proficiencies = Nothing, mutations = Nothing, activeMissions = Nothing, newMissions = Nothing, gainedMutation = Just (Update ["Stronger"]), lostMutation = Nothing, kills = Just (Update [MkCharacterKills {count = 64, symbol = "Z", name = "zombies"},MkCharacterKills {count = 2, symbol = "Z", name = "crawling zombies"},MkCharacterKills {count = 11, symbol = "Z", name = "fat zombies"},MkCharacterKills {count = 5, symbol = "Z", name = "decayed zombies"},MkCharacterKills {count = 11, symbol = "Z", name = "zombie cops"},MkCharacterKills {count = 2, symbol = "d", name = "zombie dogs"},MkCharacterKills {count = 1, symbol = "d", name = "rot-weiler"},MkCharacterKills {count = 7, symbol = "z", name = "zombie children"},MkCharacterKills {count = 2, symbol = "Z", name = "zapper zombies"},MkCharacterKills {count = 1, symbol = "Z", name = "hazmat zombies"},MkCharacterKills {count = 1, symbol = "Z", name = "swimmer zombies"},MkCharacterKills {count = 1, symbol = "v", name = "feral pigeon"},MkCharacterKills {count = 3, symbol = "d", name = "Z-9s"},MkCharacterKills {count = 4, symbol = "Z", name = "zombie runners"},MkCharacterKills {count = 8, symbol = "Z", name = "tough zombies"},MkCharacterKills {count = 4, symbol = "@", name = "feral humans"},MkCharacterKills {count = 5, symbol = "@", name = "feral humans"},MkCharacterKills {count = 4, symbol = "Z", name = "brainless zombies"},MkCharacterKills {count = 1, symbol = "Z", name = "firefighter zombies"},MkCharacterKills {count = 5, symbol = "Z", name = "SWAT zombies"},MkCharacterKills {count = 1, symbol = "Z", name = "scarred zombie"},MkCharacterKills {count = 1, symbol = "v", name = "house sparrow"},MkCharacterKills {count = 1, symbol = "Z", name = "lashing zombie"}]), npcKilled = Just (Update [MkCharacterNPCKilled {count = 1, symbol = "@", name = "Ai Sylvia"}]), note = "Whew.\n\n\n\n"}},MkEntry {index = 16, dateTime = MkDateTime {season = Spring, day = 67, year = 1, time = MkTime {hour = 16, minute = 45, second = 38}}, lastWrittenTime = Just (MkLastWrittenTime {day = Just 1, hour = Just 1, minute = 5}), body = MkBody {stats = Nothing, skills = Nothing, proficiencies = Nothing, mutations = Nothing, activeMissions = Nothing, newMissions = Nothing, gainedMutation = Nothing, lostMutation = Nothing, kills = Just (Update [MkCharacterKills {count = 39, symbol = "Z", name = "zombies"},MkCharacterKills {count = 2, symbol = "Z", name = "crawling zombies"},MkCharacterKills {count = 5, symbol = "Z", name = "fat zombies"},MkCharacterKills {count = 1, symbol = "Z", name = "decayed zombies"},MkCharacterKills {count = 3, symbol = "Z", name = "zombie cops"},MkCharacterKills {count = 2, symbol = "d", name = "zombie dogs"},MkCharacterKills {count = 3, symbol = "z", name = "zombie children"},MkCharacterKills {count = 2, symbol = "Z", name = "swimmer zombies"},MkCharacterKills {count = 4, symbol = "Z", name = "prisoner zombies"},MkCharacterKills {count = 3, symbol = "Z", name = "fat prisoner zombies"},MkCharacterKills {count = 3, symbol = "Z", name = "tough prisoner zombies"},MkCharacterKills {count = 1, symbol = "Z", name = "zombie runners"},MkCharacterKills {count = 4, symbol = "Z", name = "tough zombies"},MkCharacterKills {count = 10, symbol = "Z", name = "brainless zombies"},MkCharacterKills {count = 1, symbol = "c", name = "cicada nymph"},MkCharacterKills {count = 1, symbol = "Z", name = "zombie hunter"},MkCharacterKills {count = 1, symbol = "Z", name = "boomer"},MkCharacterKills {count = 1, symbol = "@", name = "petrified persons"},MkCharacterKills {count = 2, symbol = "@", name = "gawky guardians"}]), npcKilled = Nothing, note = "Dear diary,\n\nI found a friend.\n\nHis name is Gerard Shepherd.\n\nNow I have someone to watch my back!\n\n\n\n\n"}},MkEntry {index = 17, dateTime = MkDateTime {season = Spring, day = 68, year = 1, time = MkTime {hour = 17, minute = 47, second = 31}}, lastWrittenTime = Just (MkLastWrittenTime {day = Just 1, hour = Just 1, minute = 1}), body = MkBody {stats = Nothing, skills = Nothing, proficiencies = Nothing, mutations = Nothing, activeMissions = Nothing, newMissions = Nothing, gainedMutation = Nothing, lostMutation = Nothing, kills = Just (Update [MkCharacterKills {count = 78, symbol = "Z", name = "zombies"},MkCharacterKills {count = 4, symbol = "Z", name = "crawling zombies"},MkCharacterKills {count = 16, symbol = "Z", name = "fat zombies"},MkCharacterKills {count = 7, symbol = "Z", name = "decayed zombies"},MkCharacterKills {count = 2, symbol = "H", name = "horses"},MkCharacterKills {count = 3, symbol = "Z", name = "zombie cops"},MkCharacterKills {count = 14, symbol = "d", name = "zombie dogs"},MkCharacterKills {count = 1, symbol = "d", name = "rot-weilers"},MkCharacterKills {count = 16, symbol = "z", name = "zombie children"},MkCharacterKills {count = 2, symbol = "Z", name = "zapper zombies"},MkCharacterKills {count = 1, symbol = "v", name = "mallard"},MkCharacterKills {count = 2, symbol = "d", name = "Z-9s"},MkCharacterKills {count = 4, symbol = "Z", name = "zombie runners"},MkCharacterKills {count = 4, symbol = "Z", name = "tough zombies"},MkCharacterKills {count = 3, symbol = "@", name = "feral humans"},MkCharacterKills {count = 1, symbol = "Z", name = "zombie medics"},MkCharacterKills {count = 1, symbol = "p", name = "pig"},MkCharacterKills {count = 1, symbol = "p", name = "piglet"},MkCharacterKills {count = 1, symbol = "D", name = "deer"},MkCharacterKills {count = 7, symbol = "Z", name = "brainless zombies"},MkCharacterKills {count = 1, symbol = "Z", name = "firefighter zombies"},MkCharacterKills {count = 4, symbol = "v", name = "Canada geese"},MkCharacterKills {count = 2, symbol = "c", name = "cicada nymphs"},MkCharacterKills {count = 3, symbol = "o", name = "painted turtles"},MkCharacterKills {count = 1, symbol = "Z", name = "grabber zombie"},MkCharacterKills {count = 1, symbol = "Z", name = "grappler zombie"},MkCharacterKills {count = 2, symbol = "@", name = "futile fighters"},MkCharacterKills {count = 1, symbol = "@", name = "panicked person"},MkCharacterKills {count = 2, symbol = "@", name = "feral cops"}]), npcKilled = Nothing, note = "Dear diary,\n\nI'm stuck inside a Church bell tower.\n\nI'm gonnna fight my way out.\n\nThis may be the last page I've written.\n\nGood luck.\n\n\n\n"}},MkEntry {index = 18, dateTime = MkDateTime {season = Spring, day = 68, year = 1, time = MkTime {hour = 18, minute = 28, second = 15}}, lastWrittenTime = Just (MkLastWrittenTime {day = Nothing, hour = Nothing, minute = 40}), body = MkBody {stats = Nothing, skills = Just (Update (fromList [("handguns",MkStatUpdate {from = 0, to = 1})])), proficiencies = Nothing, mutations = Nothing, activeMissions = Nothing, newMissions = Nothing, gainedMutation = Nothing, lostMutation = Nothing, kills = Just (Update [MkCharacterKills {count = 2, symbol = "Z", name = "zombies"},MkCharacterKills {count = 1, symbol = "Z", name = "zombie technicians"},MkCharacterKills {count = 2, symbol = "Z", name = "tough zombies"}]), npcKilled = Nothing, note = "I made it out!\n\n\n\n"}},MkEntry {index = 19, dateTime = MkDateTime {season = Spring, day = 69, year = 1, time = MkTime {hour = 7, minute = 27, second = 49}}, lastWrittenTime = Just (MkLastWrittenTime {day = Nothing, hour = Just 12, minute = 59}), body = MkBody {stats = Nothing, skills = Just (Update (fromList [("handguns",MkStatUpdate {from = 1, to = 2})])), proficiencies = Nothing, mutations = Nothing, activeMissions = Nothing, newMissions = Nothing, gainedMutation = Nothing, lostMutation = Nothing, kills = Just (Update [MkCharacterKills {count = 47, symbol = "Z", name = "zombies"},MkCharacterKills {count = 22, symbol = "Z", name = "fat zombies"},MkCharacterKills {count = 4, symbol = "Z", name = "decayed zombies"},MkCharacterKills {count = 4, symbol = "Z", name = "zombie soldiers"},MkCharacterKills {count = 2, symbol = "d", name = "zombie dogs"},MkCharacterKills {count = 16, symbol = "z", name = "zombie children"},MkCharacterKills {count = 4, symbol = "Z", name = "hazmat zombies"},MkCharacterKills {count = 2, symbol = "Z", name = "swimmer zombies"},MkCharacterKills {count = 12, symbol = "Z", name = "tough zombies"},MkCharacterKills {count = 1, symbol = "&", name = "mi-go"},MkCharacterKills {count = 2, symbol = "Z", name = "scorched zombies"},MkCharacterKills {count = 4, symbol = "Z", name = "brainless zombies"},MkCharacterKills {count = 4, symbol = "Z", name = "zombies"}]), npcKilled = Nothing, note = "It has been over a week!\n\nWohoo!\n\n\n\n"}},MkEntry {index = 20, dateTime = MkDateTime {season = Spring, day = 69, year = 1, time = MkTime {hour = 14, minute = 48, second = 40}}, lastWrittenTime = Just (MkLastWrittenTime {day = Nothing, hour = Just 7, minute = 20}), body = MkBody {stats = Nothing, skills = Just (Update (fromList [("bashingWeapons",MkStatUpdate {from = 1, to = 2})])), proficiencies = Nothing, mutations = Nothing, activeMissions = Nothing, newMissions = Nothing, gainedMutation = Nothing, lostMutation = Nothing, kills = Just (Update [MkCharacterKills {count = 62, symbol = "Z", name = "zombies"},MkCharacterKills {count = 3, symbol = "Z", name = "crawling zombies"},MkCharacterKills {count = 19, symbol = "Z", name = "fat zombies"},MkCharacterKills {count = 11, symbol = "Z", name = "decayed zombies"},MkCharacterKills {count = 4, symbol = "Z", name = "zombie cops"},MkCharacterKills {count = 2, symbol = "d", name = "zombie dogs"},MkCharacterKills {count = 9, symbol = "z", name = "zombie children"},MkCharacterKills {count = 1, symbol = "Z", name = "hazmat zombies"},MkCharacterKills {count = 3, symbol = "Z", name = "zombie runners"},MkCharacterKills {count = 1, symbol = "a", name = "oversized wasp"},MkCharacterKills {count = 2, symbol = "@", name = "feral mechanics"},MkCharacterKills {count = 7, symbol = "Z", name = "tough zombies"},MkCharacterKills {count = 3, symbol = "@", name = "feral humans"},MkCharacterKills {count = 5, symbol = "@", name = "feral humans"},MkCharacterKills {count = 3, symbol = "Z", name = "zombie medics"},MkCharacterKills {count = 6, symbol = "Z", name = "brainless zombies"},MkCharacterKills {count = 1, symbol = "Z", name = "zombie hunters"},MkCharacterKills {count = 1, symbol = "@", name = "cunning ferals"},MkCharacterKills {count = 1, symbol = "@", name = "panicked persons"},MkCharacterKills {count = 1, symbol = "@", name = "feral cops"}]), npcKilled = Nothing, note = "Im out of that town.\n\nNow i'm by a dairy farm.\n\nGonna chill for a bit.\n\n\n\n"}}]})